// Vitest Snapshot v1, https://vitest.dev/guide/snapshot.html

exports[`UserGroupComponent > should match snapshot 1`] = `
{
  "componentName": "_UserGroupComponent",
  "expandedUserId": null,
  "group": {
    "count": 3,
    "key": "US",
    "label": "US",
    "users": [
      {
        "age": 30,
        "cell": "222",
        "city": "Springfield",
        "country": "United States",
        "dob": "1995-01-01",
        "email": "a@b.c",
        "firstname": "First",
        "gender": "female",
        "id": "1",
        "image": "img-medium",
        "imageLarge": "img-large",
        "lastname": "Last",
        "login": {
          "md5": "md5",
          "password": "pwd",
          "salt": "salt",
          "sha1": "sha1",
          "sha256": "sha256",
          "username": "user",
          "uuid": "1",
        },
        "nat": "US",
        "phone": "111",
        "state": "IL",
        "username": "user",
      },
      {
        "age": 30,
        "cell": "222",
        "city": "Springfield",
        "country": "United States",
        "dob": "1995-01-01",
        "email": "a@b.c",
        "firstname": "First",
        "gender": "female",
        "id": "2",
        "image": "img-medium",
        "imageLarge": "img-large",
        "lastname": "Last",
        "login": {
          "md5": "md5",
          "password": "pwd",
          "salt": "salt",
          "sha1": "sha1",
          "sha256": "sha256",
          "username": "user",
          "uuid": "2",
        },
        "nat": "US",
        "phone": "111",
        "state": "IL",
        "username": "user",
      },
      {
        "age": 30,
        "cell": "222",
        "city": "Springfield",
        "country": "United States",
        "dob": "1995-01-01",
        "email": "a@b.c",
        "firstname": "First",
        "gender": "female",
        "id": "3",
        "image": "img-medium",
        "imageLarge": "img-large",
        "lastname": "Last",
        "login": {
          "md5": "md5",
          "password": "pwd",
          "salt": "salt",
          "sha1": "sha1",
          "sha256": "sha256",
          "username": "user",
          "uuid": "3",
        },
        "nat": "US",
        "phone": "111",
        "state": "IL",
        "username": "user",
      },
    ],
  },
  "open": true,
}
`;
