// Vitest Snapshot v1, https://vitest.dev/guide/snapshot.html

exports[`UserComponent > should match snapshot 1`] = `
<div
  _nghost-a-c1192749953=""
  id="root0"
  ng-version="21.2.10"
>
  <div
    _ngcontent-a-c1192749953=""
    class="user-item"
  >
    <img
      _ngcontent-a-c1192749953=""
      class="user-item__image"
      src="https://example.com/a.jpg"
    />
    <p
      _ngcontent-a-c1192749953=""
      class="user-item__name"
    >
       Ann One 
    </p>
    <p
      _ngcontent-a-c1192749953=""
      class="user-item__email"
    >
      a@example.com
    </p>
    <p
      _ngcontent-a-c1192749953=""
      class="user-item__phone"
    >
      1
    </p>
    <p
      _ngcontent-a-c1192749953=""
      class="user-item__nat"
    >
      US (2)
    </p>
  </div>
</div>
`;
